[templates.hibootstrap.com/solit/default/index.html]
[backblue.gif]
[fade.gif]
[index.html]
[templates.hibootstrap.com/solit/default/assets/css/bootstrap.min.css]
[templates.hibootstrap.com/solit/default/assets/css/fontawesome.min.css]
[templates.hibootstrap.com/solit/default/assets/css/envyicon.min.css]
[templates.hibootstrap.com/solit/default/assets/css/animate.min.css]
[templates.hibootstrap.com/solit/default/assets/css/magnific-popup.min.css]
[templates.hibootstrap.com/solit/default/assets/css/owl.carousel.min.css]
[templates.hibootstrap.com/solit/default/assets/css/meanmenu.min.css]
[templates.hibootstrap.com/solit/default/assets/css/style.css]
[templates.hibootstrap.com/solit/default/assets/css/responsive.css]
[templates.hibootstrap.com/solit/default/assets/css/theme-dark.css]
[templates.hibootstrap.com/solit/default/assets/img/logos/favicon.png]
[templates.hibootstrap.com/solit/default/assets/img/logos/logo_light.png]
[templates.hibootstrap.com/solit/default/assets/img/logos/logo_dark.png]
[templates.hibootstrap.com/solit/default/index-2.html]
[templates.hibootstrap.com/solit/default/index-3.html]
[templates.hibootstrap.com/solit/default/about.html]
[templates.hibootstrap.com/solit/default/team.html]
[templates.hibootstrap.com/solit/default/testimonials.html]
[templates.hibootstrap.com/solit/default/coming-soon.html]
[templates.hibootstrap.com/solit/default/projects.html]
[templates.hibootstrap.com/solit/default/project-details.html]
[templates.hibootstrap.com/solit/default/sign-in.html]
[templates.hibootstrap.com/solit/default/sign-up.html]
[templates.hibootstrap.com/solit/default/terms-condition.html]
[templates.hibootstrap.com/solit/default/privacy-policy.html]
[templates.hibootstrap.com/solit/default/faq.html]
[templates.hibootstrap.com/solit/default/error-404.html]
[templates.hibootstrap.com/solit/default/contact.html]
[templates.hibootstrap.com/solit/default/pricing.html]
[templates.hibootstrap.com/solit/default/services.html]
[templates.hibootstrap.com/solit/default/service-details.html]
[templates.hibootstrap.com/solit/default/blog-grid.html]
[templates.hibootstrap.com/solit/default/blog-details.html]
[templates.hibootstrap.com/solit/default/assets/img/about/about_1.png]
[templates.hibootstrap.com/solit/default/assets/img/about/about_2.png]
[templates.hibootstrap.com/solit/default/assets/img/about/about_3.png]
[templates.hibootstrap.com/solit/default/assets/img/about/about_4.png]
[templates.hibootstrap.com/solit/default/assets/img/logos/logo.png]
[templates.hibootstrap.com/solit/default/assets/img/resource/shape_2.png]
[templates.hibootstrap.com/solit/default/assets/img/resource/shape_4.png]
[templates.hibootstrap.com/solit/default/assets/img/resource/service_left.png]
[templates.hibootstrap.com/solit/default/assets/img/resource/Illustration_Cloud.png]
[templates.hibootstrap.com/solit/default/assets/img/resource/Illustration_Settings.png]
[templates.hibootstrap.com/solit/default/assets/img/team/team_1.jpg]
[templates.hibootstrap.com/solit/default/assets/img/team/team_2.jpg]
[templates.hibootstrap.com/solit/default/assets/img/team/team_3.jpg]
[templates.hibootstrap.com/solit/default/assets/img/team/team_4.jpg]
[templates.hibootstrap.com/solit/default/assets/img/background/intro_video.png]
[templates.hibootstrap.com/solit/default/assets/img/clients/client_1.png]
[templates.hibootstrap.com/solit/default/assets/img/clients/client_2.png]
[templates.hibootstrap.com/solit/default/assets/img/clients/client_3.png]
[templates.hibootstrap.com/solit/default/assets/img/clients/client_4.png]
[templates.hibootstrap.com/solit/default/assets/img/clients/client_5.png]
[templates.hibootstrap.com/solit/default/assets/img/clients/client_6.png]
[templates.hibootstrap.com/solit/default/assets/img/resource/quotation.png]
[templates.hibootstrap.com/solit/default/assets/img/clients/client_7.png]
[templates.hibootstrap.com/solit/default/assets/img/clients/client_8.png]
[templates.hibootstrap.com/solit/default/assets/img/clients/client_9.png]
[templates.hibootstrap.com/solit/default/assets/img/background/Testimonial_bg.png]
[templates.hibootstrap.com/solit/default/assets/img/resource/shape_6.png]
[templates.hibootstrap.com/solit/default/assets/img/resource/Ellipse_1.png]
[templates.hibootstrap.com/solit/default/assets/img/resource/Rectangle_1.png]
[templates.hibootstrap.com/solit/default/assets/img/partner/partner_1.png]
[templates.hibootstrap.com/solit/default/assets/img/partner/partner_hover_1.png]
[templates.hibootstrap.com/solit/default/assets/img/partner/partner_2.png]
[templates.hibootstrap.com/solit/default/assets/img/partner/partner_hover_2.png]
[templates.hibootstrap.com/solit/default/assets/img/partner/partner_3.png]
[templates.hibootstrap.com/solit/default/assets/img/partner/partner_hover_3.png]
[templates.hibootstrap.com/solit/default/assets/img/partner/partner_4.png]
[templates.hibootstrap.com/solit/default/assets/img/partner/partner_hover_4.png]
[templates.hibootstrap.com/solit/default/assets/img/partner/partner_5.png]
[templates.hibootstrap.com/solit/default/assets/img/partner/partner_hover_5.png]
[templates.hibootstrap.com/solit/default/assets/img/partner/partner_6.png]
[templates.hibootstrap.com/solit/default/assets/img/partner/partner_hover_6.png]
[templates.hibootstrap.com/solit/default/assets/img/blog/blog_1.png]
[templates.hibootstrap.com/solit/default/assets/img/blog/blog_2.png]
[templates.hibootstrap.com/solit/default/assets/img/blog/blog_3.png]
[templates.hibootstrap.com/cdn-cgi/scripts/5c5dd728/cloudflare-static/email-decode.min.js]
[templates.hibootstrap.com/solit/default/assets/js/jquery.min.js]
[templates.hibootstrap.com/solit/default/assets/js/bootstrap.bundle.min.js]
[templates.hibootstrap.com/solit/default/assets/js/jquery.magnific-popup.min.js]
[templates.hibootstrap.com/solit/default/assets/js/owl.carousel.min.js]
[templates.hibootstrap.com/solit/default/assets/js/meanmenu.min.js]
[templates.hibootstrap.com/solit/default/assets/js/form-validator.min.js]
[templates.hibootstrap.com/solit/default/assets/js/contact-form-script.js]
[templates.hibootstrap.com/solit/default/assets/js/jquery.ajaxchimp.min.js]
[templates.hibootstrap.com/solit/default/index.html]
[templates.hibootstrap.com/solit/default/assets/css/bootstrap.min.css]
[templates.hibootstrap.com/solit/default/assets/js/main.js]
[templates.hibootstrap.com/solit/default/assets/fonts/fa-brands-400.woff2]
[templates.hibootstrap.com/solit/default/assets/fonts/fa-brands-400.ttf]
[templates.hibootstrap.com/solit/default/assets/fonts/fa-regular-400.woff2]
[templates.hibootstrap.com/solit/default/assets/fonts/fa-regular-400.ttf]
[templates.hibootstrap.com/solit/default/assets/fonts/fa-solid-900.woff2]
[templates.hibootstrap.com/solit/default/assets/fonts/fa-solid-900.ttf]
[templates.hibootstrap.com/solit/default/assets/fonts/fa-v4compatibility.woff2]
[templates.hibootstrap.com/solit/default/assets/fonts/fa-v4compatibility.ttf]
[templates.hibootstrap.com/solit/default/assets/css/fontawesome.min.css]
[templates.hibootstrap.com/solit/default/assets/fonts/Envy-Icon6c13.eot]
[templates.hibootstrap.com/solit/default/assets/fonts/Envy-Icon6c13.ttf]
[templates.hibootstrap.com/solit/default/assets/fonts/Envy-Icon6c13.woff]
[templates.hibootstrap.com/solit/default/assets/fonts/Envy-Icon6c13.svg]
[templates.hibootstrap.com/solit/default/assets/css/envyicon.min.css]
[templates.hibootstrap.com/solit/default/assets/css/animate.min.css]
[templates.hibootstrap.com/solit/default/assets/css/magnific-popup.min.css]
[templates.hibootstrap.com/solit/default/assets/css/owl.video.play.png]
[templates.hibootstrap.com/solit/default/assets/css/owl.carousel.min.css]
[templates.hibootstrap.com/solit/default/assets/css/meanmenu.min.css]
[templates.hibootstrap.com/solit/default/assets/img/banner/banner_1.png]
[templates.hibootstrap.com/solit/default/assets/img/resource/abstract_shape_1.png]
[templates.hibootstrap.com/solit/default/assets/img/background/banner_2_bg.png]
[templates.hibootstrap.com/solit/default/assets/img/background/banner_3_bg.png]
[templates.hibootstrap.com/solit/default/assets/img/background/page_title_bg.png]
[templates.hibootstrap.com/solit/default/assets/img/resource/shape_1.png]
[templates.hibootstrap.com/solit/default/assets/img/resource/shape_5.png]
[templates.hibootstrap.com/solit/default/assets/img/background/Service_bg_shape.png]
[templates.hibootstrap.com/solit/default/assets/img/resource/13.Illustration.png]
[templates.hibootstrap.com/solit/default/assets/img/background/faq_bg.png]
[templates.hibootstrap.com/solit/default/assets/img/resource/abstract_shape_2.png]
[templates.hibootstrap.com/solit/default/assets/img/background/newsletter_bg.png]
[templates.hibootstrap.com/solit/default/assets/img/resource/plane_shape.png]
[templates.hibootstrap.com/solit/default/assets/img/resource/Dotted_Shape.png]
[templates.hibootstrap.com/solit/default/assets/img/background/feature_bg.png]
[templates.hibootstrap.com/solit/default/assets/img/background/intro_video_bg.png]
[templates.hibootstrap.com/solit/default/assets/img/background/map_1.png]
[templates.hibootstrap.com/solit/default/assets/css/style.css]
[templates.hibootstrap.com/solit/default/assets/css/responsive.css]
[templates.hibootstrap.com/solit/default/assets/img/night.png]
[templates.hibootstrap.com/solit/default/assets/img/sunny.png]
[templates.hibootstrap.com/solit/default/assets/css/theme-dark.css]
[templates.hibootstrap.com/solit/default/assets/img/logos/logo_full_light.png]
[templates.hibootstrap.com/solit/default/assets/img/banner/banner_2.png]
[templates.hibootstrap.com/solit/default/assets/img/resource/circle_shape.png]
[templates.hibootstrap.com/solit/default/assets/img/resource/icon_shape_1.png]
[templates.hibootstrap.com/solit/default/assets/img/resource/icon_shape_2.png]
[templates.hibootstrap.com/solit/default/assets/img/resource/icon_shape_3.png]
[templates.hibootstrap.com/solit/default/assets/img/resource/icon_shape_4.png]
[templates.hibootstrap.com/solit/default/assets/img/resource/icon_shape_5.png]
[templates.hibootstrap.com/solit/default/assets/img/resource/icon_shape_6.png]
[templates.hibootstrap.com/solit/default/assets/img/resource/icon_shape_7.png]
[templates.hibootstrap.com/solit/default/assets/img/resource/icon_shape_8.png]
[templates.hibootstrap.com/solit/default/index-2.html]
[templates.hibootstrap.com/solit/default/assets/img/banner/banner_3.png]
[templates.hibootstrap.com/solit/default/assets/img/banner/left_plant.png]
[templates.hibootstrap.com/solit/default/assets/img/banner/right-plant.png]
[templates.hibootstrap.com/solit/default/assets/img/banner/banner_4.png]
[templates.hibootstrap.com/solit/default/assets/img/banner/banner_5.png]
[templates.hibootstrap.com/solit/default/assets/img/resource/icon_shape_b1.png]
[templates.hibootstrap.com/solit/default/assets/img/resource/icon_shape_b2.png]
[templates.hibootstrap.com/solit/default/assets/img/resource/icon_shape_b3.png]
[templates.hibootstrap.com/solit/default/assets/img/resource/icon_shape_b4.png]
[templates.hibootstrap.com/solit/default/assets/img/resource/icon_shape_b5.png]
[templates.hibootstrap.com/solit/default/assets/img/resource/icon_shape_b6.png]
[templates.hibootstrap.com/solit/default/assets/img/tips_left.png]
[templates.hibootstrap.com/solit/default/assets/img/about/about_left.png]
[templates.hibootstrap.com/solit/default/assets/img/gallery/gallery_1.jpg]
[templates.hibootstrap.com/solit/default/assets/img/gallery/gallery_2.jpg]
[templates.hibootstrap.com/solit/default/assets/img/gallery/gallery_3.jpg]
[templates.hibootstrap.com/solit/default/assets/img/gallery/gallery_4.jpg]
[templates.hibootstrap.com/solit/default/assets/img/resource/quotation_1.png]
[templates.hibootstrap.com/solit/default/index-3.html]
[templates.hibootstrap.com/solit/default/assets/img/team/team_10.jpg]
[templates.hibootstrap.com/solit/default/assets/img/team/team_11.jpg]
[templates.hibootstrap.com/solit/default/assets/img/team/team_12.jpg]
[templates.hibootstrap.com/solit/default/assets/img/team/team_13.jpg]
[templates.hibootstrap.com/solit/default/assets/img/team/team_6.jpg]
[templates.hibootstrap.com/solit/default/about.html]
[templates.hibootstrap.com/solit/default/assets/img/team/team_5.jpg]
[templates.hibootstrap.com/solit/default/assets/img/team/team_7.jpg]
[templates.hibootstrap.com/solit/default/assets/img/team/team_8.jpg]
[templates.hibootstrap.com/solit/default/team.html]
[templates.hibootstrap.com/solit/default/testimonials.html]
[templates.hibootstrap.com/solit/default/coming-soon.html]
[templates.hibootstrap.com/solit/default/projects.html]
[templates.hibootstrap.com/solit/default/project-details.html]
[templates.hibootstrap.com/solit/default/sign-in.html]
[templates.hibootstrap.com/solit/default/sign-up.html]
[templates.hibootstrap.com/solit/default/comingsoon.html]
[templates.hibootstrap.com/solit/default/about-us.html]
[templates.hibootstrap.com/solit/default/terms-condition.html]
[templates.hibootstrap.com/solit/default/privacy-policy.html]
[templates.hibootstrap.com/solit/default/faq.html]
[templates.hibootstrap.com/solit/default/assets/img/error.png]
[templates.hibootstrap.com/solit/default/error-404.html]
[templates.hibootstrap.com/solit/default/contact.html]
[templates.hibootstrap.com/solit/default/pricing.html]
[templates.hibootstrap.com/solit/default/services.html]
[templates.hibootstrap.com/solit/default/service-details.html]
[templates.hibootstrap.com/solit/default/assets/img/blog/blog_4.png]
[templates.hibootstrap.com/solit/default/assets/img/blog/blog_5.png]
[templates.hibootstrap.com/solit/default/assets/img/blog/blog_6.png]
[templates.hibootstrap.com/solit/default/blog-grid.html]
[templates.hibootstrap.com/solit/default/assets/img/blog/blog_details.jpg]
[templates.hibootstrap.com/solit/default/assets/img/resource/quotation_big.png]
[templates.hibootstrap.com/solit/default/assets/img/blog/recent_article_1.png]
[templates.hibootstrap.com/solit/default/assets/img/blog/recent_article_2.png]
[templates.hibootstrap.com/solit/default/assets/img/blog/recent_article_3.png]
[templates.hibootstrap.com/solit/default/assets/img/blog/blog_7.png]
[templates.hibootstrap.com/solit/default/assets/img/blog/blog_8.png]
[templates.hibootstrap.com/solit/default/blog-details.html]
[templates.hibootstrap.com/solit/default/assets/fonts/Envy-Icon6c13.html]
[templates.hibootstrap.com/solit/default/assets/css/owl.video.play.html]
[templates.hibootstrap.com/solit/default/comingsoon.html]
[templates.hibootstrap.com/solit/default/about-us.html]
